[www.restorationtourgroup.com/index.html]
[backblue.gif]
[fade.gif]
[index.html]
[assets.squarespace.com/@sqs/polyfiller/1.6/legacy.js]
[assets.squarespace.com/universal/scripts-compressed/extract-css-runtime-8d99415dd90df90e-min.en-US.js]
[assets.squarespace.com/universal/scripts-compressed/cldr-resource-pack-22ed584d99d9b83d-min.en-US.js]
[assets.squarespace.com/@sqs/polyfiller/1.6/modern.js]
[assets.squarespace.com/universal/scripts-compressed/extract-css-moment-js-vendor-6f2a1f6ec9a41489-min.en-US.js]
[assets.squarespace.com/universal/scripts-compressed/common-vendors-stable-fbd854d40b0804b7-min.en-US.js]
[assets.squarespace.com/universal/styles-compressed/user-account-core-d7924fe3346f518d-min.en-US.css]
[assets.squarespace.com/universal/scripts-compressed/user-account-core-04a225d7b814d933-min.en-US.js]
[assets.squarespace.com/universal/scripts-compressed/performance-486d93565a174fa8-min.en-US.js]
[definitions.sqspcdn.com/website-component-definition/static-assets/website.components.button/e0d1a0d8-c713-45c2-bcf2-9f608e5a444c_361/website.components.button.styles.css]
[definitions.sqspcdn.com/website-component-definition/static-assets/website.components.button/e0d1a0d8-c713-45c2-bcf2-9f608e5a444c_361/block-animation-preview-manager.js]
[definitions.sqspcdn.com/website-component-definition/static-assets/website.components.button/e0d1a0d8-c713-45c2-bcf2-9f608e5a444c_361/8830.js]
[definitions.sqspcdn.com/website-component-definition/static-assets/website.components.button/e0d1a0d8-c713-45c2-bcf2-9f608e5a444c_361/trigger-animation-runtime.js]
[definitions.sqspcdn.com/website-component-definition/static-assets/website.components.button/e0d1a0d8-c713-45c2-bcf2-9f608e5a444c_361/8289.js]
[definitions.sqspcdn.com/website-component-definition/static-assets/website.components.button/e0d1a0d8-c713-45c2-bcf2-9f608e5a444c_361/website.components.button.visitor.js]
[static1.squarespace.com/static/vta/5c5a519771c10ba3470d8101/versioned-assets/1770929203554-2WPKTAYDW6PPP2O4HSR6/static.css]
[static1.squarespace.com/static/versioned-site-css/672a808850e55e3c854520da/21/5c5a519771c10ba3470d8101/672a808850e55e3c854520fb/1739/site.css]
[www.restorationtourgroup.com/cart.html]
[www.restorationtourgroup.com/our-tours.html]
[www.restorationtourgroup.com/about-joe.html]
[assets.squarespace.com/universal/scripts-compressed/common-vendors-3962200ba715274e-min.en-US.js]
[www.restorationtourgroup.com/testimonials.html]
[images.squarespace-cdn.com/content/v1/672a808850e55e3c854520da/5a7f00c3-a511-4a14-97ea-c57353288885/plc13---J1-page-121---05_Kirtland_Landscape.jpg]
[www.restorationtourgroup.com/booking.html]
[www.restorationtourgroup.com/contact-us.html]
[www.restorationtourgroup.com/index.html]
[static1.squarespace.com/static/vta/5c5a519771c10ba3470d8101/scripts/site-bundle.cf3233ba20dea92426e299bbcbbc4e23.js]
[assets.squarespace.com/universal/scripts-compressed/common-76d07b79142e5285-min.en-US.js]
[assets.squarespace.com/universal/styles-compressed/user-account-core-d7924fe3346f518d-min.en-US.css]
[definitions.sqspcdn.com/website-component-definition/static-assets/website.components.button/e0d1a0d8-c713-45c2-bcf2-9f608e5a444c_361/website.components.button.styles.css]
[assets.squarespace.com/universal/images-v6/damask/error-dark.png]
[assets.squarespace.com/universal/images-v6/damask/error-dark@2x.png]
[assets.squarespace.com/universal/images-v6/damask/play-button.png]
[assets.squarespace.com/universal/images-v6/damask/play-button@2x.png]
[assets.squarespace.com/universal/images-v6/damask/edit-aviary-light.png]
[assets.squarespace.com/universal/images-v6/damask/edit-aviary-light@2x.png]
[assets.squarespace.com/universal/images-v6/damask/edit-info-light.png]
[assets.squarespace.com/universal/images-v6/damask/edit-info-light@2x.png]
[assets.squarespace.com/universal/images-v6/damask/trash-9-light.png]
[assets.squarespace.com/universal/images-v6/damask/trash-9-light@2x.png]
[assets.squarespace.com/universal/images-v6/damask/trash-9-red.png]
[assets.squarespace.com/universal/images-v6/damask/trash-9-red@2x.png]
[assets.squarespace.com/universal/images-v6/damask/getty-16-light.png]
[assets.squarespace.com/universal/images-v6/damask/getty-32-light.png]
[assets.squarespace.com/universal/images-v6/damask/shopping-cart-16-light.png]
[assets.squarespace.com/universal/images-v6/damask/shopping-cart-32-light.png]
[assets.squarespace.com/universal/images-v6/icons/block-indicator-dark.png]
[assets.squarespace.com/universal/images-v6/icons/block-indicator-dark@2x.png]
[assets.squarespace.com/universal/images-v6/icons/opentable-icons.png]
[assets.squarespace.com/universal/images-v6/icons/icon-searchqueries-20-dark.png]
[assets.squarespace.com/universal/images-v6/icons/icon-searchqueries-20-light.png]
[assets.squarespace.com/universal/images-v6/icons/icon-video-24-light-solid.png]
[assets.squarespace.com/universal/images-v6/standard/icon_close_7_light.png]
[assets.squarespace.com/universal/images-v6/icons/icon-settings-16-light.png]
[static1.squarespace.com/static/versioned-site-css/672a808850e55e3c854520da/21/5c5a519771c10ba3470d8101/672a808850e55e3c854520fb/1739/site.css]
[static1.squarespace.com/static/vta/5c5a519771c10ba3470d8101/versioned-assets/1770929203554-2WPKTAYDW6PPP2O4HSR6/static.css]
[assets.squarespace.com/universal/scripts-compressed/extract-css-runtime-8526121f414e5891-min.en-US.js]
[definitions.sqspcdn.com/website-component-definition/static-assets/website.components.button/3f6cd29b-3113-40e8-bb96-f85fcc6a0aa0_362/website.components.button.styles.css]
[definitions.sqspcdn.com/website-component-definition/static-assets/website.components.button/3f6cd29b-3113-40e8-bb96-f85fcc6a0aa0_362/trigger-animation-runtime.js]
[definitions.sqspcdn.com/website-component-definition/static-assets/website.components.button/3f6cd29b-3113-40e8-bb96-f85fcc6a0aa0_362/8830.js]
[definitions.sqspcdn.com/website-component-definition/static-assets/website.components.button/3f6cd29b-3113-40e8-bb96-f85fcc6a0aa0_362/block-animation-preview-manager.js]
[www.restorationtourgroup.com/cart.html]
[definitions.sqspcdn.com/website-component-definition/static-assets/website.components.button/3f6cd29b-3113-40e8-bb96-f85fcc6a0aa0_362/website.components.button.visitor.js]
[definitions.sqspcdn.com/website-component-definition/static-assets/website.components.button/3f6cd29b-3113-40e8-bb96-f85fcc6a0aa0_362/8289.js]
[definitions.sqspcdn.com/website-component-definition/static-assets/website.components.imageFluid/b1a8fad6-1d97-4fe2-b1ac-9aa704188e46_183/website.components.imageFluid.styles.css]
[definitions.sqspcdn.com/website-component-definition/static-assets/website.components.imageFluid/b1a8fad6-1d97-4fe2-b1ac-9aa704188e46_183/image-effect-refracted-circles.js]
[definitions.sqspcdn.com/website-component-definition/static-assets/website.components.imageFluid/b1a8fad6-1d97-4fe2-b1ac-9aa704188e46_183/website.components.imageFluid.shared.constants.js]
[definitions.sqspcdn.com/website-component-definition/static-assets/website.components.imageFluid/b1a8fad6-1d97-4fe2-b1ac-9aa704188e46_183/8830.js]
[definitions.sqspcdn.com/website-component-definition/static-assets/website.components.imageFluid/b1a8fad6-1d97-4fe2-b1ac-9aa704188e46_183/9882.js]
[definitions.sqspcdn.com/website-component-definition/static-assets/website.components.imageFluid/b1a8fad6-1d97-4fe2-b1ac-9aa704188e46_183/website.components.imageFluid.visitor.js]
[definitions.sqspcdn.com/website-component-definition/static-assets/website.components.imageFluid/b1a8fad6-1d97-4fe2-b1ac-9aa704188e46_183/748.js]
[definitions.sqspcdn.com/website-component-definition/static-assets/website.components.imageFluid/b1a8fad6-1d97-4fe2-b1ac-9aa704188e46_183/image-effect-refracted-lines.js]
[definitions.sqspcdn.com/website-component-definition/static-assets/website.components.imageFluid/b1a8fad6-1d97-4fe2-b1ac-9aa704188e46_183/image-effect-liquid.js]
[definitions.sqspcdn.com/website-component-definition/static-assets/website.components.imageFluid/b1a8fad6-1d97-4fe2-b1ac-9aa704188e46_183/image-effect-film-grain.js]
[definitions.sqspcdn.com/website-component-definition/static-assets/website.components.imageFluid/b1a8fad6-1d97-4fe2-b1ac-9aa704188e46_183/image-effect-parallax.js]
[images.squarespace-cdn.com/content/v1/672a808850e55e3c854520da/397b5ba0-ae42-4cac-9a75-b55d15d6e8a6/Kirtland+(for+WEB)+2024+(853+of+890).jpg]
[www.restorationtourgroup.com/about-joe.html]
[images.squarespace-cdn.com/content/v1/672a808850e55e3c854520da/f9359e8c-7d91-414a-b42c-e63e0129cfb5/20230314_144543+(1).jpg]
[assets.squarespace.com/universal/scripts-compressed/extract-css-runtime-ca5e7ce1a7fcce55-min.en-US.js]
[assets.squarespace.com/universal/scripts-compressed/common-f50e3fcaa4f36723-min.en-US.js]
[images.squarespace-cdn.com/content/v1/672a808850e55e3c854520da/6c5d3708-0043-473d-9e2b-88828f3b1bab/Hillary+Weeks.png]
[www.restorationtourgroup.com/hilary-weeks.html]
[www.restorationtourgroup.com/brad-wilcox.html]
[images.squarespace-cdn.com/content/v1/672a808850e55e3c854520da/21d49d68-dcab-4007-839e-b632a10a1401/Brad+Wilcox.png]
[assets.squarespace.com/universal/scripts-compressed/common-0d8c503e8256e77f-min.en-US.js]
[www.restorationtourgroup.com/nashville-tribute-band-1.html]
[images.squarespace-cdn.com/content/v1/672a808850e55e3c854520da/5e5763f4-c70d-40af-9abe-7085d03a648f/Nashville+Tribute+Band+(1).png]
[www.restorationtourgroup.com/our-tours.html]
[www.restorationtourgroup.com/testimonials.html]
[definitions.sqspcdn.com/website-component-definition/static-assets/website.components.form/61b63d06-020d-4261-94a0-c9451f522b18_364/website.components.form.styles.css]
[definitions.sqspcdn.com/website-component-definition/static-assets/website.components.form/61b63d06-020d-4261-94a0-c9451f522b18_364/website.components.form.visitor.js]
[images.squarespace-cdn.com/content/v1/672a808850e55e3c854520da/e4865215-d3d7-4520-b790-26408c44ee24/Kirtland+(for+WEB)+2024+(815+of+890).jpg]
[www.restorationtourgroup.com/contact-us.html]
[assets.squarespace.com/universal/scripts-compressed/extract-css-runtime-3086eae4cf3c79bc-min.en-US.js]
[definitions.sqspcdn.com/website-component-definition/static-assets/website.components.code/954917bf-6871-448c-a496-41a115495509_238/website.components.code.visitor.js]
[www.restorationtourgroup.com/traveler-information-form.html]
[sdks.shopifycdn.com/buy-button/latest/buy-button-storefront.min.js]
[images.squarespace-cdn.com/content/v1/672a808850e55e3c854520da/6899b666-76d1-483e-a78d-422852581e6c/Nashville+Tribute+Band+(1).png]
[www.restorationtourgroup.com/booking.html]
[definitions.sqspcdn.com/website-component-definition/static-assets/website.components.button/3f6cd29b-3113-40e8-bb96-f85fcc6a0aa0_362/website.components.button.styles.css]
[definitions.sqspcdn.com/website-component-definition/static-assets/website.components.imageFluid/b1a8fad6-1d97-4fe2-b1ac-9aa704188e46_183/website.components.imageFluid.styles.css]
[images.squarespace-cdn.com/content/v1/672a808850e55e3c854520da/07ccd828-c019-4a5e-b0ca-31ca752968e5/318106940_692306378919783_5692530431358689383_n.jpg]
[images.squarespace-cdn.com/content/v1/672a808850e55e3c854520da/a5b13b7d-987f-414b-8dcc-66acabb93580/cpgqik2ds9fs8ktmxxzoruxy5863bwhtycp1vtvt_w1920.jpg]
[images.squarespace-cdn.com/content/v1/672a808850e55e3c854520da/7c572200-a96c-494d-9fd2-2e7ee78b0700/o3zj7ibpuq1v5sknbrsuxo4v4cwx7mx3p3crl7m1_w1920.jpg]
[images.squarespace-cdn.com/content/v1/672a808850e55e3c854520da/1e9580f3-9b55-420e-b27f-5dc458065d3e/194b3eeac81a11edbe45eeeeac1e3ffe1e8664ca_w1920.jpg]
[www.restorationtourgroup.com/_/cdn.embedly.com/widgets/media.62f9be.delayed]
[images.squarespace-cdn.com/content/v1/672a808850e55e3c854520da/b75cb6aa-f988-420e-8dcc-88145a064586/hilary-weeks.jpg]
[www.restorationtourgroup.com/_/cdn.embedly.com/widgets/media.649362.delayed]
[images.squarespace-cdn.com/content/v1/672a808850e55e3c854520da/c75b69b3-75b5-4d62-ab04-8d8f09b4e0d5/20240914_114808.jpg]
[images.squarespace-cdn.com/content/v1/672a808850e55e3c854520da/3278d38e-e329-403e-96fd-d043fd8bac51/DSC_0064.NEF+(1).jpg]
[images.squarespace-cdn.com/content/v1/672a808850e55e3c854520da/340f01cb-f998-4c50-9a42-8a1588f1369d/20160801_120910_2.jpg]
[images.squarespace-cdn.com/content/v1/672a808850e55e3c854520da/e5bc15db-2a33-43b8-894d-5cd53853109c/20240317_154522.jpg]
[www.restorationtourgroup.com/hilary-weeks.html]
[images.squarespace-cdn.com/content/v1/672a808850e55e3c854520da/0afe36ab-6946-4e6b-88d9-00c0f903a6de/FANNTLU7ZLRZUMI5V4COACBD7A.jpg]
[images.squarespace-cdn.com/content/v1/672a808850e55e3c854520da/00c51ddb-dd62-4ee2-b03a-625741efb568/JFOMTAXKNFCJ7MMUTZXFJZULKQ.png]
[www.restorationtourgroup.com/_/cdn.embedly.com/widgets/media.6b167a.delayed]
[images.squarespace-cdn.com/content/v1/672a808850e55e3c854520da/1016ef33-9c19-42c8-a960-9e718eec9581/IZ3GDTEGTZFTN3AKNYFFRFYXZQ.png]
[www.restorationtourgroup.com/_/cdn.embedly.com/widgets/media.6dbc04.delayed]
[www.restorationtourgroup.com/brad-wilcox.html]
[assets.squarespace.com/universal/scripts-compressed/extract-css-runtime-c7db51c2f47ad6c6-min.en-US.js]
[images.squarespace-cdn.com/content/v1/672a808850e55e3c854520da/cc431ccc-ee8b-436c-915c-d0cf3e972ca2/Untitled+design+(5).png]
[images.squarespace-cdn.com/content/v1/672a808850e55e3c854520da/06ca5c61-dfb3-4345-9d11-71c1292ed630/main-band-image-expanded-more.png]
[www.restorationtourgroup.com/_/cdn.embedly.com/widgets/media.718c97.delayed]
[images.squarespace-cdn.com/content/v1/672a808850e55e3c854520da/5818f2c5-7a22-45b5-bdbb-48669cc1272e/nashvilletributeband_promo_2020.png]
[www.restorationtourgroup.com/_/cdn.embedly.com/widgets/media.7338a0.delayed]
[www.restorationtourgroup.com/nashville-tribute-band-1.html]
[definitions.sqspcdn.com/website-component-definition/static-assets/website.components.form/61b63d06-020d-4261-94a0-c9451f522b18_364/website.components.form.styles.css]
[definitions.sqspcdn.com/website-component-definition/static-assets/website.components.code/954917bf-6871-448c-a496-41a115495509_238/website.components.code.styles.css]
[www.restorationtourgroup.com/traveler-information-form.html]
[www.restorationtourgroup.com/_/cdn.embedly.com/widgets/mediaf9be.html]
[www.restorationtourgroup.com/_/cdn.embedly.com/widgets/media9362.html]
[www.restorationtourgroup.com/_/cdn.embedly.com/widgets/media167a.html]
[www.restorationtourgroup.com/_/cdn.embedly.com/widgets/mediabc04.html]
[www.restorationtourgroup.com/_/cdn.embedly.com/widgets/media8c97.html]
[www.restorationtourgroup.com/_/cdn.embedly.com/widgets/media38a0.html]
